---
source: crates/jr-db/tests/optimized_mir.rs
expression: "dump_optimized_mir(&db, file, search, config)"
---
proc add -> s64 {
  params: v0: *Context, v1: s64, v2: s64
  bb0(v0: *Context, v1: s64, v2: s64):
    v3: s64 = v1 + v2
    return v3
}
proc main -> void {
  params: v0: *Context
  slots:
    s0: s64  // local 1
    s1: [0]Any  // temporary
    s2: []Any  // temporary
    s3: [0]Any  // temporary
    s4: []Any  // temporary
  bb0(v0: *Context):
    goto bb11(v0)
  bb11(v16: *Context):
    goto bb10()
  bb10():
    store s0 <- 9_s64
    goto bb1()
  bb1():
    zero s1
    v6: *Any = addr s1[0_s64]
    zero s2
    store s2.view_data <- v6
    store s2.view_count <- 0_s64
    v7: []Any = load s2
    goto bb13(v0, v7)
  bb13(v20: *Context, v22: []Any):
    goto bb17(v20)
  bb17(v29: *Context):
    store g24 <- 0_s64
    store g25 <- 1_s64
    store g26 <- 0_s64
    goto bb16()
  bb16():
    discard call extern proc28(v20, "hello from Jairs\n", v22)
    goto bb21(v20)
  bb21(v33: *Context):
    v34: s64 = load g24
    v35: bool = v34 > 0_s64
    branch v35 ? bb22() : bb23()
  bb22():
    v37: s64 = load g25
    v38: bool = v37 != -1_s64
    goto bb24(v38)
  bb23():
    goto bb24(false)
  bb24(v36: bool):
    branch v36 ? bb25() : bb26()
  bb25():
    v39: s64 = load g25
    bounds_check 0_s64 < 4096_s64
    v40: *u8 = addr g23[0_s64]
    v41: s64 = load g24
    discard call extern proc0(v39, v40, v41)
    store g24 <- 0_s64
    goto bb27()
  bb26():
    goto bb27()
  bb27():
    v42: s64 = load g26
    goto bb20(v42)
  bb20(v23: s64):
    goto bb12()
  bb12():
    goto bb2()
  bb2():
    goto bb3(0_s64)
  bb3(v8: s64):
    v9: bool = v8 < 3_s64
    branch v9 ? bb4() : bb5()
  bb4():
    v10: s64 = v8 + 1_s64
    goto bb3(v10)
  bb5():
    goto bb6()
  bb6():
    v11: *s64 = addr s0
    v12: s64 = load (v11).*
    v13: bool = v12 == 9_s64
    branch v13 ? bb7() : bb8()
  bb7():
    zero s3
    v14: *Any = addr s3[0_s64]
    zero s4
    store s4.view_data <- v14
    store s4.view_count <- 0_s64
    v15: []Any = load s4
    goto bb15(v0, v15)
  bb15(v24: *Context, v26: []Any):
    goto bb19(v24)
  bb19(v31: *Context):
    store g24 <- 0_s64
    store g25 <- 1_s64
    store g26 <- 0_s64
    goto bb18()
  bb18():
    discard call extern proc28(v24, "arithmetic and pointers agree", v26)
    goto bb29(v24)
  bb29(v43: *Context):
    v45: s64 = load g24
    v46: bool = v45 >= 4096_s64
    branch v46 ? bb30() : bb31()
  bb30():
    v47: s64 = load g25
    v48: bool = v47 == -1_s64
    branch v48 ? bb33() : bb34()
  bb33():
    goto bb28()
  bb34():
    goto bb35()
  bb35():
    v49: s64 = load g25
    bounds_check 0_s64 < 4096_s64
    v50: *u8 = addr g23[0_s64]
    v51: s64 = load g24
    discard call extern proc0(v49, v50, v51)
    store g24 <- 0_s64
    goto bb32()
  bb31():
    goto bb32()
  bb32():
    v52: s64 = load g24
    bounds_check v52 < 4096_s64
    store g23[v52] <- 10_u8
    v53: s64 = load g24
    v54: s64 = v53 + 1_s64
    store g24 <- v54
    v55: s64 = load g26
    v56: s64 = v55 + 1_s64
    store g26 <- v56
    goto bb28()
  bb28():
    goto bb37(v24)
  bb37(v57: *Context):
    v58: s64 = load g24
    v59: bool = v58 > 0_s64
    branch v59 ? bb38() : bb39()
  bb38():
    v61: s64 = load g25
    v62: bool = v61 != -1_s64
    goto bb40(v62)
  bb39():
    goto bb40(false)
  bb40(v60: bool):
    branch v60 ? bb41() : bb42()
  bb41():
    v63: s64 = load g25
    bounds_check 0_s64 < 4096_s64
    v64: *u8 = addr g23[0_s64]
    v65: s64 = load g24
    discard call extern proc0(v63, v64, v65)
    store g24 <- 0_s64
    goto bb43()
  bb42():
    goto bb43()
  bb43():
    v66: s64 = load g26
    goto bb36(v66)
  bb36(v28: s64):
    goto bb14()
  bb14():
    goto bb9()
  bb8():
    goto bb9()
  bb9():
    return
}
