---
source: crates/jr-db/tests/optimized_mir.rs
expression: "dump_optimized_mir(&db, file, search, config)"
---
proc add -> s64 {
  params: v0: *Context, v1: s64, v2: s64
  bb0(v0: *Context, v1: s64, v2: s64):
    v3: s64 = v1 + v2
    return v3
}
proc main -> void {
  params: v0: *Context
  slots:
    s0: s64  // local 1
    s1: [0]Any  // temporary
    s2: []Any  // temporary
    s3: [0]Any  // temporary
    s4: []Any  // temporary
  bb0(v0: *Context):
    goto bb11(v0)
  bb11(v16: *Context):
    goto bb10()
  bb10():
    store s0 <- 9_s64
    goto bb1()
  bb1():
    zero s1
    v6: *Any = addr s1[0_s64]
    zero s2
    store s2.view_data <- v6
    store s2.view_count <- 0_s64
    v7: []Any = load s2
    goto bb13(v0, v7)
  bb13(v20: *Context, v22: []Any):
    goto bb17(v20)
  bb17(v28: *Context):
    store g44 <- 0_s64
    store g45 <- 1_s64
    store g46 <- 0_s64
    store g47 <- 0_*struct
    store g48 <- true
    goto bb16()
  bb16():
    discard call extern proc52(v20, "hello from Jairs\n", v22)
    goto bb21(v20)
  bb21(v32: *Context):
    v33: s64 = load g44
    v34: bool = v33 > 0_s64
    branch v34 ? bb22() : bb23()
  bb22():
    v36: s64 = load g45
    v37: bool = v36 != -1_s64
    goto bb24(v37)
  bb23():
    goto bb24(false)
  bb24(v35: bool):
    branch v35 ? bb25() : bb26()
  bb25():
    v38: s64 = load g45
    bounds_check 0_s64 < 4096_s64
    v39: *u8 = addr g43[0_s64]
    v40: s64 = load g44
    discard call extern proc0(v38, v39, v40)
    store g44 <- 0_s64
    goto bb27()
  bb26():
    goto bb27()
  bb27():
    v41: s64 = load g46
    goto bb20(v41)
  bb20(v23: s64):
    goto bb12()
  bb12():
    goto bb2()
  bb2():
    goto bb3(0_s64)
  bb3(v8: s64):
    v9: bool = v8 < 3_s64
    branch v9 ? bb4() : bb5()
  bb4():
    v10: s64 = v8 + 1_s64
    goto bb3(v10)
  bb5():
    goto bb6()
  bb6():
    v11: *s64 = addr s0
    v12: s64 = load (v11).*
    v13: bool = v12 == 9_s64
    branch v13 ? bb7() : bb8()
  bb7():
    zero s3
    v14: *Any = addr s3[0_s64]
    zero s4
    store s4.view_data <- v14
    store s4.view_count <- 0_s64
    v15: []Any = load s4
    goto bb15(v0, v15)
  bb15(v24: *Context, v26: []Any):
    goto bb19(v24)
  bb19(v30: *Context):
    store g44 <- 0_s64
    store g45 <- 1_s64
    store g46 <- 0_s64
    store g47 <- 0_*struct
    store g48 <- true
    goto bb18()
  bb18():
    discard call extern proc52(v24, "arithmetic and pointers agree\n", v26)
    goto bb29(v24)
  bb29(v42: *Context):
    v43: s64 = load g44
    v44: bool = v43 > 0_s64
    branch v44 ? bb30() : bb31()
  bb30():
    v46: s64 = load g45
    v47: bool = v46 != -1_s64
    goto bb32(v47)
  bb31():
    goto bb32(false)
  bb32(v45: bool):
    branch v45 ? bb33() : bb34()
  bb33():
    v48: s64 = load g45
    bounds_check 0_s64 < 4096_s64
    v49: *u8 = addr g43[0_s64]
    v50: s64 = load g44
    discard call extern proc0(v48, v49, v50)
    store g44 <- 0_s64
    goto bb35()
  bb34():
    goto bb35()
  bb35():
    v51: s64 = load g46
    goto bb28(v51)
  bb28(v27: s64):
    goto bb14()
  bb14():
    goto bb9()
  bb8():
    goto bb9()
  bb9():
    return
}
